 gcc -g p3original.c
 ./a.out
enter the number
2
2 is a prime number.
 gdb a.out

GNU gdb (Ubuntu 8.1.1-0ubuntu1) 8.1.1
Copyright (C) 2018 Free Software Foundation, Inc.
License GPLv3+: GNU GPL version 3 or later <http://gnu.org/licenses/gpl.html>
This is free software: you are free to change and redistribute it.
There is NO WARRANTY, to the extent permitted by law.  Type "show copying"
and "show warranty" for details.
This GDB was configured as "x86_64-linux-gnu".
Type "show configuration" for configuration details.
For bug reporting instructions, please see:
<http://www.gnu.org/software/gdb/bugs/>.
Find the GDB manual and other documentation resources online at:
<http://www.gnu.org/software/gdb/documentation/>.
For help, type "help".
Type "apropos word" to search for commands related to "word"...
Reading symbols from a.out...done.
(gdb) 
(gdb) b main
Breakpoint 1 at 0x865: file p3original.c, line 36.
(gdb) r
Starting program: /home/runner/Test2Session2/a.out 
warning: Error disabling address space randomization: Operation not permitted

Breakpoint 1, main () at p3original.c:36
36    n=input_number();
(gdb) s
input_number () at p3original.c:4
4   {
(gdb) n
6     printf("enter the number\n");
(gdb) n
enter the number
7     scanf("%d",&n);
(gdb) n

2
8     return n;
(gdb) n
9   }
(gdb) n
main () at p3original.c:37
37    isprime=is_prime(n);
(gdb) s
is_prime (n=2) at p3original.c:13
13    int i, temp = 0;
(gdb) n
14    if (n == 0 || n == 1)
(gdb) n
16    for (i = 2; i <= n / 2; ++i) 
(gdb) n
22    return temp;
(gdb) n
23  }
(gdb) n
main () at p3original.c:38
38    output(n,isprime);
(gdb) s
output (n=2, isprime=0) at p3original.c:27
27    if (isprime == 0)
(gdb) n
28    printf("%d is a prime number.\n", n);
(gdb) n
2 is a prime number.
31  }
(gdb) n
main () at p3original.c:39
39    return 0;
(gdb) c
Continuing.
[Inferior 1 (process 1809) exited normally]
(gdb) q
